[Day    0] [LIFECYCLE ] Village founded with 150 villagers
[Day   14] [EVENT     ] A predator has been spotted near the village
[Day   17] [EVENT     ] A predator has been spotted near the village
[Day   19] [MARRIAGE  ] Rhea and Silas married
[Day   22] [EVENT     ] A severe storm struck the village
[Day   30] [MARRIAGE  ] Eva and Silas married
[Day   32] [MARRIAGE  ] Blythe and Beric married
[Day   34] [MARRIAGE  ] Petra and Gareth married
[Day   37] [MARRIAGE  ] Blythe and Leoric married
[Day   38] [MARRIAGE  ] Zara and Niall married
[Day   40] [MARRIAGE  ] Iris and Darian married
[Day   42] [MARRIAGE  ] Eva and Leoric married
[Day   42] [MARRIAGE  ] Jessa and Oswin married
[Day   48] [MARRIAGE  ] Seren and Kael married
[Day   56] [MARRIAGE  ] Eva and Theron married
[Day   57] [MARRIAGE  ] Elara and Silas married
[Day   61] [MARRIAGE  ] Isla and Magnus married
[Day   65] [MARRIAGE  ] Anya and Dorian married
[Day   65] [MARRIAGE  ] Quinn and Alden married
[Day   72] [MARRIAGE  ] Celia and Orin married
[Day   76] [MARRIAGE  ] Helena and Cedric married
[Day   87] [MARRIAGE  ] Yara and Alden married
[Day   99] [EVENT     ] A predator has been spotted near the village
[Day  116] [MARRIAGE  ] Rowan and Kael married
[Day  121] [EVENT     ] A predator has been spotted near the village
[Day  124] [EVENT     ] A predator has been spotted near the village
[Day  133] [EVENT     ] A predator has been spotted near the village
[Day  148] [EVENT     ] A predator has been spotted near the village
[Day  207] [EVENT     ] Pests have gotten into the food stores
[Day  216] [EVENT     ] A predator has been spotted near the village
[Day  233] [EVENT     ] Pests have gotten into the food stores
[Day  265] [EVENT     ] Pests have gotten into the food stores
[Day  273] [MARRIAGE  ] Vera and Zander married
[Day  278] [LIFECYCLE ] Merric was born to Isla
[Day  282] [LIFECYCLE ] Cedric was born to Seren
[Day  301] [LIFECYCLE ] Petra died at age 16
[Day  319] [LIFECYCLE ] Niall was born to Petra
[Day  319] [MARRIAGE  ] Anya and Darian married
[Day  321] [LIFECYCLE ] Faron was born to Yara
[Day  331] [EVENT     ] A predator has been spotted near the village
[Day  332] [LIFECYCLE ] Eva was born to Jessa
[Day  333] [EVENT     ] A predator has been spotted near the village
[Day  337] [LIFECYCLE ] Hana was born to Freya
[Day  349] [LIFECYCLE ] Finn was born to Isla
[Day  360] [LIFECYCLE ] Opal was born to Isla
